// Jest Snapshot v1, https://goo.gl/fbAQLP

exports[`Screenshotbutton Snapshot testing the timer 1`] = `
<View
  style={
    Object {
      "alignSelf": "center",
      "bottom": 125,
      "position": "absolute",
    }
  }
>
  <Text
    style={
      Object {
        "alignItems": "center",
        "color": "red",
        "fontSize": 20,
        "fontWeight": "bold",
        "justifyContent": "center",
        "textAlign": "center",
      }
    }
  >
    205:45
  </Text>
</View>
`;
